ADMIN@DESKTOP-LU0KN56 MINGW64 /d/WEB_DEVELOP/Basic_WEB_Frontend (master)
$ git status
On branch master
Changes not staged for commit:
  (use "git add <file>..." to update what will be committed)
  (use "git restore <file>..." to discard changes in working directory)
        modified:   src/App.jsx

no changes added to commit (use "git add" and/or "git commit -a")

ADMIN@DESKTOP-LU0KN56 MINGW64 /d/WEB_DEVELOP/Basic_WEB_Frontend (master)
$ git checkout -b update_eslint
Switched to a new branch 'update_eslint'

ADMIN@DESKTOP-LU0KN56 MINGW64 /d/WEB_DEVELOP/Basic_WEB_Frontend (update_eslint)
$ git add .

ADMIN@DESKTOP-LU0KN56 MINGW64 /d/WEB_DEVELOP/Basic_WEB_Frontend (update_eslint)
$ git commit -m "Update ESLint Rules"
[update_eslint 16c78ac] Update ESLint Rules
 2 files changed, 37 insertions(+), 7 deletions(-)

ADMIN@DESKTOP-LU0KN56 MINGW64 /d/WEB_DEVELOP/Basic_WEB_Frontend (update_eslint)
$ git push origin update_eslint
Enumerating objects: 11, done.
Counting objects: 100% (11/11), done.
Delta compression using up to 8 threads
Compressing objects: 100% (5/5), done.
Writing objects: 100% (6/6), 1008 bytes | 1008.00 KiB/s, done.
Total 6 (delta 3), reused 0 (delta 0), pack-reused 0
remote: Resolving deltas: 100% (3/3), completed with 3 local objects.
remote:
remote: Create a pull request for 'update_eslint' on GitHub by visiting:
remote:      https://github.com/htkddt/Develop_Web/pull/new/update_eslint
remote:
To https://github.com/htkddt/Develop_Web.git
 * [new branch]      update_eslint -> update_eslint

ADMIN@DESKTOP-LU0KN56 MINGW64 /d/WEB_DEVELOP/Basic_WEB_Frontend (update_eslint)
$ git checkout master
Switched to branch 'master'

ADMIN@DESKTOP-LU0KN56 MINGW64 /d/WEB_DEVELOP/Basic_WEB_Frontend (master)
$ git pull origin master
From https://github.com/htkddt/Develop_Web
 * branch            master     -> FETCH_HEAD
Already up to date.

ADMIN@DESKTOP-LU0KN56 MINGW64 /d/WEB_DEVELOP/Basic_WEB_Frontend (master)
$ cd ../

ADMIN@DESKTOP-LU0KN56 MINGW64 /d/WEB_DEVELOP (master)
$ git pull origin master
From https://github.com/htkddt/Develop_Web
 * branch            master     -> FETCH_HEAD
Already up to date.

ADMIN@DESKTOP-LU0KN56 MINGW64 /d/WEB_DEVELOP (master)
$ git pull origin master
remote: Enumerating objects: 1, done.
remote: Counting objects: 100% (1/1), done.
remote: Total 1 (delta 0), reused 0 (delta 0), pack-reused 0
Unpacking objects: 100% (1/1), 908 bytes | 14.00 KiB/s, done.
From https://github.com/htkddt/Develop_Web
 * branch            master     -> FETCH_HEAD
   646a8cb..4d3cfdb  master     -> origin/master
Updating 646a8cb..4d3cfdb
Fast-forward
 Basic_WEB_Frontend/.eslintrc.cjs | 37 ++++++++++++++++++++++++++++++++-----
 Basic_WEB_Frontend/src/App.jsx   |  7 +++++--
 2 files changed, 37 insertions(+), 7 deletions(-)

ADMIN@DESKTOP-LU0KN56 MINGW64 /d/WEB_DEVELOP (master)
$ git branch
* master
  update_eslint

ADMIN@DESKTOP-LU0KN56 MINGW64 /d/WEB_DEVELOP (master)
$ git branch -D update_eslint 
Deleted branch update_eslint (was 16c78ac).

ADMIN@DESKTOP-LU0KN56 MINGW64 /d/WEB_DEVELOP (master)
$ git log --oneline -n5
4d3cfdb (HEAD -> master, origin/master) Merge pull request #1 from htkddt/update_eslint
16c78ac (origin/update_eslint) Update ESLint Rules
646a8cb Init project
d9d1900 Init project
85dc589 Init project